Flow report for lab5
Thu Feb 05 12:37:13 2015
Quartus II 64-Bit Version 13.0.1 Build 232 06/12/2013 Service Pack 1 SJ Full Version


---------------------
; Table of Contents ;
---------------------
  1. Legal Notice
  2. Flow Summary
  3. Flow Settings
  4. Flow Non-Default Global Settings
  5. Flow Elapsed Time
  6. Flow OS Summary
  7. Flow Log
  8. Flow Messages
  9. Flow Suppressed Messages



----------------
; Legal Notice ;
----------------
Copyright (C) 1991-2013 Altera Corporation
Your use of Altera Corporation's design tools, logic functions 
and other software and tools, and its AMPP partner logic 
functions, and any output files from any of the foregoing 
(including device programming or simulation files), and any 
associated documentation or information are expressly subject 
to the terms and conditions of the Altera Program License 
Subscription Agreement, Altera MegaCore Function License 
Agreement, or other applicable license agreement, including, 
without limitation, that your use is for the sole purpose of 
programming logic devices manufactured by Altera and sold by 
Altera or its authorized distributors.  Please refer to the 
applicable agreement for further details.



+---------------------------------------------------------------------------------------+
; Flow Summary                                                                          ;
+------------------------------------+--------------------------------------------------+
; Flow Status                        ; Successful - Thu Feb 05 12:37:10 2015            ;
; Quartus II 64-Bit Version          ; 13.0.1 Build 232 06/12/2013 SP 1 SJ Full Version ;
; Revision Name                      ; lab5                                             ;
; Top-level Entity Name              ; lab5_henry                                       ;
; Family                             ; Cyclone II                                       ;
; Device                             ; EP2C35F672C6                                     ;
; Timing Models                      ; Final                                            ;
; Total logic elements               ; 2,615 / 33,216 ( 8 % )                           ;
;     Total combinational functions  ; 2,371 / 33,216 ( 7 % )                           ;
;     Dedicated logic registers      ; 1,526 / 33,216 ( 5 % )                           ;
; Total registers                    ; 1526                                             ;
; Total pins                         ; 67 / 475 ( 14 % )                                ;
; Total virtual pins                 ; 0                                                ;
; Total memory bits                  ; 180,096 / 483,840 ( 37 % )                       ;
; Embedded Multiplier 9-bit elements ; 0 / 70 ( 0 % )                                   ;
; Total PLLs                         ; 0 / 4 ( 0 % )                                    ;
+------------------------------------+--------------------------------------------------+


+-----------------------------------------+
; Flow Settings                           ;
+-------------------+---------------------+
; Option            ; Setting             ;
+-------------------+---------------------+
; Start date & time ; 02/05/2015 12:36:35 ;
; Main task         ; Compilation         ;
; Revision Name     ; lab5                ;
+-------------------+---------------------+


+-------------------------------------------------------------------------------------------------------------------------------------------------------------+
; Flow Non-Default Global Settings                                                                                                                            ;
+-------------------------------------+--------------------------------------------------------+---------------+---------------------------------+------------+
; Assignment Name                     ; Value                                                  ; Default Value ; Entity Name                     ; Section Id ;
+-------------------------------------+--------------------------------------------------------+---------------+---------------------------------+------------+
; COMPILER_SIGNATURE_ID               ; 79556649528232.142315779502956                         ; --            ; --                              ; --         ;
; IP_TOOL_ENV                         ; Qsys                                                   ; --            ; altera_avalon_sc_fifo           ; --         ;
; IP_TOOL_ENV                         ; Qsys                                                   ; --            ; altera_merlin_master_agent      ; --         ;
; IP_TOOL_ENV                         ; Qsys                                                   ; --            ; altera_merlin_master_translator ; --         ;
; IP_TOOL_ENV                         ; Qsys                                                   ; --            ; altera_merlin_slave_agent       ; --         ;
; IP_TOOL_ENV                         ; Qsys                                                   ; --            ; altera_merlin_slave_translator  ; --         ;
; IP_TOOL_ENV                         ; Qsys                                                   ; --            ; altera_merlin_traffic_limiter   ; --         ;
; IP_TOOL_ENV                         ; Qsys                                                   ; --            ; altera_reset_controller         ; --         ;
; IP_TOOL_ENV                         ; Qsys                                                   ; --            ; --                              ; --         ;
; IP_TOOL_ENV                         ; Qsys                                                   ; --            ; lab5_HEX                        ; --         ;
; IP_TOOL_ENV                         ; Qsys                                                   ; --            ; lab5_addr_router                ; --         ;
; IP_TOOL_ENV                         ; Qsys                                                   ; --            ; lab5_addr_router_001            ; --         ;
; IP_TOOL_ENV                         ; Qsys                                                   ; --            ; lab5_cmd_xbar_demux             ; --         ;
; IP_TOOL_ENV                         ; Qsys                                                   ; --            ; lab5_cmd_xbar_demux_001         ; --         ;
; IP_TOOL_ENV                         ; Qsys                                                   ; --            ; lab5_cmd_xbar_mux               ; --         ;
; IP_TOOL_ENV                         ; Qsys                                                   ; --            ; lab5_green_LEDs                 ; --         ;
; IP_TOOL_ENV                         ; Qsys                                                   ; --            ; lab5_id_router                  ; --         ;
; IP_TOOL_ENV                         ; Qsys                                                   ; --            ; lab5_id_router_002              ; --         ;
; IP_TOOL_ENV                         ; Qsys                                                   ; --            ; lab5_irq_mapper                 ; --         ;
; IP_TOOL_ENV                         ; Qsys                                                   ; --            ; lab5_nios2_qsys_0               ; --         ;
; IP_TOOL_ENV                         ; Qsys                                                   ; --            ; lab5_onchip_memory2_0           ; --         ;
; IP_TOOL_ENV                         ; Qsys                                                   ; --            ; lab5_pushbutton                 ; --         ;
; IP_TOOL_ENV                         ; Qsys                                                   ; --            ; lab5_red_LEDs                   ; --         ;
; IP_TOOL_ENV                         ; Qsys                                                   ; --            ; lab5_rsp_xbar_demux             ; --         ;
; IP_TOOL_ENV                         ; Qsys                                                   ; --            ; lab5_rsp_xbar_demux_002         ; --         ;
; IP_TOOL_ENV                         ; Qsys                                                   ; --            ; lab5_rsp_xbar_mux               ; --         ;
; IP_TOOL_ENV                         ; Qsys                                                   ; --            ; lab5_rsp_xbar_mux_001           ; --         ;
; IP_TOOL_ENV                         ; Qsys                                                   ; --            ; lab5_sliders                    ; --         ;
; IP_TOOL_NAME                        ; altera_avalon_sc_fifo                                  ; --            ; altera_avalon_sc_fifo           ; --         ;
; IP_TOOL_NAME                        ; altera_merlin_master_agent                             ; --            ; altera_merlin_master_agent      ; --         ;
; IP_TOOL_NAME                        ; altera_merlin_master_translator                        ; --            ; altera_merlin_master_translator ; --         ;
; IP_TOOL_NAME                        ; altera_merlin_slave_agent                              ; --            ; altera_merlin_slave_agent       ; --         ;
; IP_TOOL_NAME                        ; altera_merlin_slave_translator                         ; --            ; altera_merlin_slave_translator  ; --         ;
; IP_TOOL_NAME                        ; altera_merlin_traffic_limiter                          ; --            ; altera_merlin_traffic_limiter   ; --         ;
; IP_TOOL_NAME                        ; altera_reset_controller                                ; --            ; altera_reset_controller         ; --         ;
; IP_TOOL_NAME                        ; Qsys                                                   ; --            ; --                              ; --         ;
; IP_TOOL_NAME                        ; altera_avalon_pio                                      ; --            ; lab5_HEX                        ; --         ;
; IP_TOOL_NAME                        ; altera_merlin_router                                   ; --            ; lab5_addr_router                ; --         ;
; IP_TOOL_NAME                        ; altera_merlin_router                                   ; --            ; lab5_addr_router_001            ; --         ;
; IP_TOOL_NAME                        ; altera_merlin_demultiplexer                            ; --            ; lab5_cmd_xbar_demux             ; --         ;
; IP_TOOL_NAME                        ; altera_merlin_demultiplexer                            ; --            ; lab5_cmd_xbar_demux_001         ; --         ;
; IP_TOOL_NAME                        ; altera_merlin_multiplexer                              ; --            ; lab5_cmd_xbar_mux               ; --         ;
; IP_TOOL_NAME                        ; altera_avalon_pio                                      ; --            ; lab5_green_LEDs                 ; --         ;
; IP_TOOL_NAME                        ; altera_merlin_router                                   ; --            ; lab5_id_router                  ; --         ;
; IP_TOOL_NAME                        ; altera_merlin_router                                   ; --            ; lab5_id_router_002              ; --         ;
; IP_TOOL_NAME                        ; altera_irq_mapper                                      ; --            ; lab5_irq_mapper                 ; --         ;
; IP_TOOL_NAME                        ; altera_nios2_qsys                                      ; --            ; lab5_nios2_qsys_0               ; --         ;
; IP_TOOL_NAME                        ; altera_avalon_onchip_memory2                           ; --            ; lab5_onchip_memory2_0           ; --         ;
; IP_TOOL_NAME                        ; altera_avalon_pio                                      ; --            ; lab5_pushbutton                 ; --         ;
; IP_TOOL_NAME                        ; altera_avalon_pio                                      ; --            ; lab5_red_LEDs                   ; --         ;
; IP_TOOL_NAME                        ; altera_merlin_demultiplexer                            ; --            ; lab5_rsp_xbar_demux             ; --         ;
; IP_TOOL_NAME                        ; altera_merlin_demultiplexer                            ; --            ; lab5_rsp_xbar_demux_002         ; --         ;
; IP_TOOL_NAME                        ; altera_merlin_multiplexer                              ; --            ; lab5_rsp_xbar_mux               ; --         ;
; IP_TOOL_NAME                        ; altera_merlin_multiplexer                              ; --            ; lab5_rsp_xbar_mux_001           ; --         ;
; IP_TOOL_NAME                        ; altera_avalon_pio                                      ; --            ; lab5_sliders                    ; --         ;
; IP_TOOL_VERSION                     ; 13.0                                                   ; --            ; altera_avalon_sc_fifo           ; --         ;
; IP_TOOL_VERSION                     ; 13.0                                                   ; --            ; altera_merlin_master_agent      ; --         ;
; IP_TOOL_VERSION                     ; 13.0                                                   ; --            ; altera_merlin_master_translator ; --         ;
; IP_TOOL_VERSION                     ; 13.0                                                   ; --            ; altera_merlin_slave_agent       ; --         ;
; IP_TOOL_VERSION                     ; 13.0                                                   ; --            ; altera_merlin_slave_translator  ; --         ;
; IP_TOOL_VERSION                     ; 13.0                                                   ; --            ; altera_merlin_traffic_limiter   ; --         ;
; IP_TOOL_VERSION                     ; 13.0                                                   ; --            ; altera_reset_controller         ; --         ;
; IP_TOOL_VERSION                     ; 13.0sp1                                                ; --            ; --                              ; --         ;
; IP_TOOL_VERSION                     ; 13.0.1.99.2                                            ; --            ; lab5_HEX                        ; --         ;
; IP_TOOL_VERSION                     ; 13.0                                                   ; --            ; lab5_addr_router                ; --         ;
; IP_TOOL_VERSION                     ; 13.0                                                   ; --            ; lab5_addr_router_001            ; --         ;
; IP_TOOL_VERSION                     ; 13.0                                                   ; --            ; lab5_cmd_xbar_demux             ; --         ;
; IP_TOOL_VERSION                     ; 13.0                                                   ; --            ; lab5_cmd_xbar_demux_001         ; --         ;
; IP_TOOL_VERSION                     ; 13.0                                                   ; --            ; lab5_cmd_xbar_mux               ; --         ;
; IP_TOOL_VERSION                     ; 13.0.1.99.2                                            ; --            ; lab5_green_LEDs                 ; --         ;
; IP_TOOL_VERSION                     ; 13.0                                                   ; --            ; lab5_id_router                  ; --         ;
; IP_TOOL_VERSION                     ; 13.0                                                   ; --            ; lab5_id_router_002              ; --         ;
; IP_TOOL_VERSION                     ; 13.0                                                   ; --            ; lab5_irq_mapper                 ; --         ;
; IP_TOOL_VERSION                     ; 13.0                                                   ; --            ; lab5_nios2_qsys_0               ; --         ;
; IP_TOOL_VERSION                     ; 13.0.1.99.2                                            ; --            ; lab5_onchip_memory2_0           ; --         ;
; IP_TOOL_VERSION                     ; 13.0.1.99.2                                            ; --            ; lab5_pushbutton                 ; --         ;
; IP_TOOL_VERSION                     ; 13.0.1.99.2                                            ; --            ; lab5_red_LEDs                   ; --         ;
; IP_TOOL_VERSION                     ; 13.0                                                   ; --            ; lab5_rsp_xbar_demux             ; --         ;
; IP_TOOL_VERSION                     ; 13.0                                                   ; --            ; lab5_rsp_xbar_demux_002         ; --         ;
; IP_TOOL_VERSION                     ; 13.0                                                   ; --            ; lab5_rsp_xbar_mux               ; --         ;
; IP_TOOL_VERSION                     ; 13.0                                                   ; --            ; lab5_rsp_xbar_mux_001           ; --         ;
; IP_TOOL_VERSION                     ; 13.0.1.99.2                                            ; --            ; lab5_sliders                    ; --         ;
; MAX_CORE_JUNCTION_TEMP              ; 85                                                     ; --            ; --                              ; --         ;
; MIN_CORE_JUNCTION_TEMP              ; 0                                                      ; --            ; --                              ; --         ;
; MISC_FILE                           ; lab5/synthesis/../../lab5.cmp                          ; --            ; --                              ; --         ;
; MISC_FILE                           ; lab5/synthesis/../../lab5.qsys                         ; --            ; --                              ; --         ;
; PARTITION_COLOR                     ; 16764057                                               ; --            ; lab5_henry                      ; Top        ;
; PARTITION_FITTER_PRESERVATION_LEVEL ; PLACEMENT_AND_ROUTING                                  ; --            ; lab5_henry                      ; Top        ;
; PARTITION_NETLIST_TYPE              ; SOURCE                                                 ; --            ; lab5_henry                      ; Top        ;
; POWER_BOARD_THERMAL_MODEL           ; None (CONSERVATIVE)                                    ; --            ; --                              ; --         ;
; POWER_PRESET_COOLING_SOLUTION       ; 23 MM HEAT SINK WITH 200 LFPM AIRFLOW                  ; --            ; --                              ; --         ;
; PROJECT_OUTPUT_DIRECTORY            ; output_files                                           ; --            ; --                              ; --         ;
; SLD_INFO                            ; QSYS_NAME lab5 HAS_SOPCINFO 1 GENERATION_ID 1423153834 ; --            ; --                              ; --         ;
; SOPCINFO_FILE                       ; lab5/synthesis/../../lab5.sopcinfo                     ; --            ; --                              ; --         ;
; SYNTHESIS_ONLY_QIP                  ; On                                                     ; --            ; --                              ; --         ;
; TOP_LEVEL_ENTITY                    ; lab5_henry                                             ; lab5          ; --                              ; --         ;
+-------------------------------------+--------------------------------------------------------+---------------+---------------------------------+------------+


+-------------------------------------------------------------------------------------------------------------------------------+
; Flow Elapsed Time                                                                                                             ;
+---------------------------+--------------+-------------------------+---------------------+------------------------------------+
; Module Name               ; Elapsed Time ; Average Processors Used ; Peak Virtual Memory ; Total CPU Time (on all processors) ;
+---------------------------+--------------+-------------------------+---------------------+------------------------------------+
; Analysis & Synthesis      ; 00:00:14     ; 1.0                     ; 587 MB              ; 00:00:13                           ;
; Fitter                    ; 00:00:15     ; 1.5                     ; 1118 MB             ; 00:00:19                           ;
; Assembler                 ; 00:00:03     ; 1.0                     ; 453 MB              ; 00:00:02                           ;
; TimeQuest Timing Analyzer ; 00:00:02     ; 1.0                     ; 474 MB              ; 00:00:01                           ;
; Total                     ; 00:00:34     ; --                      ; --                  ; 00:00:35                           ;
+---------------------------+--------------+-------------------------+---------------------+------------------------------------+


+----------------------------------------------------------------------------------------+
; Flow OS Summary                                                                        ;
+---------------------------+------------------+-----------+------------+----------------+
; Module Name               ; Machine Hostname ; OS Name   ; OS Version ; Processor type ;
+---------------------------+------------------+-----------+------------+----------------+
; Analysis & Synthesis      ; N2082-02-1       ; Windows 7 ; 6.1        ; x86_64         ;
; Fitter                    ; N2082-02-1       ; Windows 7 ; 6.1        ; x86_64         ;
; Assembler                 ; N2082-02-1       ; Windows 7 ; 6.1        ; x86_64         ;
; TimeQuest Timing Analyzer ; N2082-02-1       ; Windows 7 ; 6.1        ; x86_64         ;
+---------------------------+------------------+-----------+------------+----------------+


------------
; Flow Log ;
------------
quartus_map --read_settings_files=on --write_settings_files=off lab5 -c lab5
quartus_fit --read_settings_files=off --write_settings_files=off lab5 -c lab5
quartus_asm --read_settings_files=off --write_settings_files=off lab5 -c lab5
quartus_sta lab5 -c lab5



